20:12:43 **** Incremental Build of configuration Debug for project 006_FreeRTOS_vTaskDelay ****
make -j4 all 
arm-none-eabi-gcc "../Core/Src/main.c" -mcpu=cortex-m4 -std=gnu11 -g3 -DDEBUG -DUSE_HAL_DRIVER -DSTM32F407xx -c -I../Core/Inc -I../Drivers/STM32F4xx_HAL_Driver/Inc -I../Drivers/STM32F4xx_HAL_Driver/Inc/Legacy -I../Middlewares/Third_Party/FreeRTOS/Source/include -I../Middlewares/Third_Party/FreeRTOS/Source/CMSIS_RTOS_V2 -I../Middlewares/Third_Party/FreeRTOS/Source/portable/GCC/ARM_CM4F -I../Drivers/CMSIS/Device/ST/STM32F4xx/Include -I../Drivers/CMSIS/Include -O0 -ffunction-sections -fdata-sections -Wall -fstack-usage -fcyclomatic-complexity -MMD -MP -MF"Core/Src/main.d" -MT"Core/Src/main.o" --specs=nano.specs -mfpu=fpv4-sp-d16 -mfloat-abi=hard -mthumb -o "Core/Src/main.o"
arm-none-eabi-gcc -o "006_FreeRTOS_vTaskDelay.elf" @"objects.list"   -mcpu=cortex-m4 -T"C:\Users\mehmet.sahin\Desktop\Video_Lectures\Embedded_Systems\FreeRTOS\FreeRTOS_Turkish_Lectures\ST_Workspace\006_FreeRTOS_vTaskDelay\STM32F407VGTX_FLASH.ld" --specs=nosys.specs -Wl,-Map="006_FreeRTOS_vTaskDelay.map" -Wl,--gc-sections -static --specs=nano.specs -mfpu=fpv4-sp-d16 -mfloat-abi=hard -mthumb -Wl,--start-group -lc -lm -Wl,--end-group
Finished building target: 006_FreeRTOS_vTaskDelay.elf
 
arm-none-eabi-size   006_FreeRTOS_vTaskDelay.elf 
arm-none-eabi-objdump -h -S  006_FreeRTOS_vTaskDelay.elf  > "006_FreeRTOS_vTaskDelay.list"
   text	   data	    bss	    dec	    hex	filename
  21096	    132	  20676	  41904	   a3b0	006_FreeRTOS_vTaskDelay.elf
Finished building: default.size.stdout
 
Finished building: 006_FreeRTOS_vTaskDelay.list
 

20:12:45 Build Finished. 0 errors, 0 warnings. (took 2s.213ms)

