15:41:40 **** Incremental Build of configuration Debug for project 017_FreeRTOS_BINARY_SEMAPHORE ****
make -j4 all 
arm-none-eabi-gcc "../Core/Src/main.c" -mcpu=cortex-m4 -std=gnu11 -g3 -DDEBUG -DUSE_HAL_DRIVER -DSTM32F407xx -c -I../Core/Inc -I../Drivers/STM32F4xx_HAL_Driver/Inc -I../Drivers/STM32F4xx_HAL_Driver/Inc/Legacy -I../Middlewares/Third_Party/FreeRTOS/Source/include -I../Middlewares/Third_Party/FreeRTOS/Source/CMSIS_RTOS_V2 -I../Middlewares/Third_Party/FreeRTOS/Source/portable/GCC/ARM_CM4F -I../Drivers/CMSIS/Device/ST/STM32F4xx/Include -I../Drivers/CMSIS/Include -O0 -ffunction-sections -fdata-sections -Wall -fstack-usage -fcyclomatic-complexity -MMD -MP -MF"Core/Src/main.d" -MT"Core/Src/main.o" --specs=nano.specs -mfpu=fpv4-sp-d16 -mfloat-abi=hard -mthumb -o "Core/Src/main.o"
../Core/Src/main.c: In function 'ulExampleInterruptHandler':
../Core/Src/main.c:125:1: warning: no return statement in function returning non-void [-Wreturn-type]
  125 | }
      | ^
At top level:
../Core/Src/main.c:117:17: warning: 'ulExampleInterruptHandler' defined but not used [-Wunused-function]
  117 | static uint32_t ulExampleInterruptHandler(void)
      |                 ^~~~~~~~~~~~~~~~~~~~~~~~~
arm-none-eabi-gcc -o "017_FreeRTOS_BINARY_SEMAPHORE.elf" @"objects.list"   -mcpu=cortex-m4 -T"C:\Users\mehmet.sahin\Desktop\Video_Lectures\Embedded_Systems\FreeRTOS\FreeRTOS_Turkish_Lectures\ST_Workspace\017_FreeRTOS_BINARY_SEMAPHORE\STM32F407VGTX_FLASH.ld" --specs=nosys.specs -Wl,-Map="017_FreeRTOS_BINARY_SEMAPHORE.map" -Wl,--gc-sections -static --specs=nano.specs -mfpu=fpv4-sp-d16 -mfloat-abi=hard -mthumb -Wl,--start-group -lc -lm -Wl,--end-group
Finished building target: 017_FreeRTOS_BINARY_SEMAPHORE.elf
 
arm-none-eabi-size   017_FreeRTOS_BINARY_SEMAPHORE.elf 
arm-none-eabi-objdump -h -S  017_FreeRTOS_BINARY_SEMAPHORE.elf  > "017_FreeRTOS_BINARY_SEMAPHORE.list"
   text	   data	    bss	    dec	    hex	filename
  22784	    124	  20684	  43592	   aa48	017_FreeRTOS_BINARY_SEMAPHORE.elf
Finished building: default.size.stdout
 
Finished building: 017_FreeRTOS_BINARY_SEMAPHORE.list
 

15:41:43 Build Finished. 0 errors, 2 warnings. (took 2s.440ms)

