../Core/Src/main.c:71:6:HAL_GPIO_EXTI_Callback	24	static,ignoring_inline_asm
../Core/Src/main.c:77:6:vPeriodicTask	80	static
../Core/Src/main.c:91:6:vInterruptTriggeredTask	24	static
../Core/Src/main.c:115:5:main	24	static
../Core/Src/main.c:200:6:SystemClock_Config	88	static
../Core/Src/main.c:246:13:MX_USART2_UART_Init	8	static
../Core/Src/main.c:279:13:MX_GPIO_Init	40	static
../Core/Src/main.c:335:6:HAL_TIM_PeriodElapsedCallback	16	static
../Core/Src/main.c:352:6:Error_Handler	4	static,ignoring_inline_asm
