../Core/Src/main.c:67:13:vSenderTask1	24	static
../Core/Src/main.c:79:13:vSenderTask2	24	static
../Core/Src/main.c:91:13:vReceiverTask	24	static
../Core/Src/main.c:110:5:main	16	static
../Core/Src/main.c:199:6:SystemClock_Config	88	static
../Core/Src/main.c:245:13:MX_USART2_UART_Init	8	static
../Core/Src/main.c:278:13:MX_GPIO_Init	40	static
../Core/Src/main.c:320:6:StartDefaultTask	16	static
../Core/Src/main.c:339:6:HAL_TIM_PeriodElapsedCallback	16	static
../Core/Src/main.c:356:6:Error_Handler	4	static,ignoring_inline_asm
