../Core/Src/main.c:79:6:HAL_UART_RxCpltCallback	136	static,ignoring_inline_asm
../Core/Src/main.c:103:13:vHandlerTask	16	static
../Core/Src/main.c:111:13:vPeriodicTask	24	static
../Core/Src/main.c:123:17:ulExampleInterruptHandler	16	static,ignoring_inline_asm
../Core/Src/main.c:138:5:main	16	static
../Core/Src/main.c:228:6:SystemClock_Config	88	static
../Core/Src/main.c:274:13:MX_USART2_UART_Init	8	static
../Core/Src/main.c:307:13:MX_GPIO_Init	40	static
../Core/Src/main.c:349:6:StartDefaultTask	16	static
../Core/Src/main.c:368:6:HAL_TIM_PeriodElapsedCallback	16	static
../Core/Src/main.c:385:6:Error_Handler	4	static,ignoring_inline_asm
