../Core/Src/main.c:73:6:HAL_UART_RxCpltCallback	136	static,ignoring_inline_asm
../Core/Src/main.c:97:13:vHandlerTask	16	static
../Core/Src/main.c:105:13:vPeriodicTask	24	static
../Core/Src/main.c:117:17:ulExampleInterruptHandler	16	static,ignoring_inline_asm
../Core/Src/main.c:132:5:main	16	static
../Core/Src/main.c:219:6:SystemClock_Config	88	static
../Core/Src/main.c:265:13:MX_USART2_UART_Init	8	static
../Core/Src/main.c:298:13:MX_GPIO_Init	40	static
../Core/Src/main.c:348:6:HAL_TIM_PeriodElapsedCallback	16	static
../Core/Src/main.c:365:6:Error_Handler	4	static,ignoring_inline_asm
