23:18:24 **** Incremental Build of configuration Debug for project 003_CMSIS_OS_QUEUE_LAB ****
make -j4 all 
arm-none-eabi-gcc "../Core/Src/main.c" -mcpu=cortex-m4 -std=gnu11 -g3 -DDEBUG -DUSE_HAL_DRIVER -DSTM32F407xx -c -I../Core/Inc -I../Drivers/STM32F4xx_HAL_Driver/Inc -I../Drivers/STM32F4xx_HAL_Driver/Inc/Legacy -I../Drivers/CMSIS/Device/ST/STM32F4xx/Include -I../Drivers/CMSIS/Include -I../Middlewares/Third_Party/FreeRTOS/Source/include -I../Middlewares/Third_Party/FreeRTOS/Source/portable/GCC/ARM_CM4F -I../Middlewares/Third_Party/FreeRTOS/Source/CMSIS_RTOS -O0 -ffunction-sections -fdata-sections -Wall -fstack-usage -fcyclomatic-complexity -MMD -MP -MF"Core/Src/main.d" -MT"Core/Src/main.o" --specs=nano.specs -mfpu=fpv4-sp-d16 -mfloat-abi=hard -mthumb -o "Core/Src/main.o"
arm-none-eabi-gcc -o "003_CMSIS_OS_QUEUE_LAB.elf" @"objects.list"   -mcpu=cortex-m4 -T"C:\Users\mehmet.sahin\Desktop\Video_Lectures\Embedded_Systems\FreeRTOS\ST_CMSIS_V1\ST_Workspace\003_CMSIS_OS_QUEUE_LAB\STM32F407VGTX_FLASH.ld" --specs=nosys.specs -Wl,-Map="003_CMSIS_OS_QUEUE_LAB.map" -Wl,--gc-sections -static --specs=nano.specs -mfpu=fpv4-sp-d16 -mfloat-abi=hard -mthumb -Wl,--start-group -lc -lm -Wl,--end-group
Finished building target: 003_CMSIS_OS_QUEUE_LAB.elf
 
arm-none-eabi-size   003_CMSIS_OS_QUEUE_LAB.elf 
arm-none-eabi-objdump -h -S  003_CMSIS_OS_QUEUE_LAB.elf  > "003_CMSIS_OS_QUEUE_LAB.list"
   text	   data	    bss	    dec	    hex	filename
  22604	    124	  18124	  40852	   9f94	003_CMSIS_OS_QUEUE_LAB.elf
Finished building: default.size.stdout
 
Finished building: 003_CMSIS_OS_QUEUE_LAB.list
 

23:18:26 Build Finished. 0 errors, 0 warnings. (took 1s.984ms)

