16:24:36 **** Incremental Build of configuration Debug for project 004_FREERTOS_CMSIS_osDelay_differentPriority ****
make -j4 all 
arm-none-eabi-gcc "../Core/Src/main.c" -mcpu=cortex-m4 -std=gnu11 -g3 -DDEBUG -DUSE_HAL_DRIVER -DSTM32F407xx -c -I../Core/Inc -I../Drivers/STM32F4xx_HAL_Driver/Inc -I../Drivers/STM32F4xx_HAL_Driver/Inc/Legacy -I../Middlewares/Third_Party/FreeRTOS/Source/include -I../Middlewares/Third_Party/FreeRTOS/Source/CMSIS_RTOS_V2 -I../Middlewares/Third_Party/FreeRTOS/Source/portable/GCC/ARM_CM4F -I../Drivers/CMSIS/Device/ST/STM32F4xx/Include -I../Drivers/CMSIS/Include -O0 -ffunction-sections -fdata-sections -Wall -fstack-usage -fcyclomatic-complexity -MMD -MP -MF"Core/Src/main.d" -MT"Core/Src/main.o" --specs=nano.specs -mfpu=fpv4-sp-d16 -mfloat-abi=hard -mthumb -o "Core/Src/main.o"
arm-none-eabi-gcc -o "004_FREERTOS_CMSIS_osDelay_differentPriority.elf" @"objects.list"   -mcpu=cortex-m4 -T"C:\Users\mehmet.sahin\Desktop\Video_Lectures\Embedded_Systems\FreeRTOS\ST_CMSIS_V2\ST_Workspace\004_FREERTOS_CMSIS_osDelay_differentPriority\STM32F407VGTX_FLASH.ld" --specs=nosys.specs -Wl,-Map="004_FREERTOS_CMSIS_osDelay_differentPriority.map" -Wl,--gc-sections -static --specs=nano.specs -mfpu=fpv4-sp-d16 -mfloat-abi=hard -mthumb -Wl,--start-group -lc -lm -Wl,--end-group
Finished building target: 004_FREERTOS_CMSIS_osDelay_differentPriority.elf
 
arm-none-eabi-size   004_FREERTOS_CMSIS_osDelay_differentPriority.elf 
arm-none-eabi-objdump -h -S  004_FREERTOS_CMSIS_osDelay_differentPriority.elf  > "004_FREERTOS_CMSIS_osDelay_differentPriority.list"
   text	   data	    bss	    dec	    hex	filename
  24104	    124	  20684	  44912	   af70	004_FREERTOS_CMSIS_osDelay_differentPriority.elf
Finished building: default.size.stdout
 
Finished building: 004_FREERTOS_CMSIS_osDelay_differentPriority.list
 

16:24:37 Build Finished. 0 errors, 0 warnings. (took 1s.360ms)

