15:41:51 **** Incremental Build of configuration Debug for project 015_FREERTOS_CMSIS_Thread_FLAGS_2_Task ****
make -j4 all 
arm-none-eabi-gcc "../Core/Src/main.c" -mcpu=cortex-m4 -std=gnu11 -g3 -DDEBUG -DUSE_HAL_DRIVER -DSTM32F407xx -c -I../Core/Inc -I../Drivers/STM32F4xx_HAL_Driver/Inc -I../Drivers/STM32F4xx_HAL_Driver/Inc/Legacy -I../Middlewares/Third_Party/FreeRTOS/Source/include -I../Middlewares/Third_Party/FreeRTOS/Source/CMSIS_RTOS_V2 -I../Middlewares/Third_Party/FreeRTOS/Source/portable/GCC/ARM_CM4F -I../Drivers/CMSIS/Device/ST/STM32F4xx/Include -I../Drivers/CMSIS/Include -O0 -ffunction-sections -fdata-sections -Wall -fstack-usage -fcyclomatic-complexity -MMD -MP -MF"Core/Src/main.d" -MT"Core/Src/main.o" --specs=nano.specs -mfpu=fpv4-sp-d16 -mfloat-abi=hard -mthumb -o "Core/Src/main.o"
arm-none-eabi-gcc -o "015_FREERTOS_CMSIS_Thread_FLAGS_2_Task.elf" @"objects.list"   -mcpu=cortex-m4 -T"C:\Users\mehmet.sahin\Desktop\Video_Lectures\Embedded_Systems\FreeRTOS\ST_CMSIS_V2\ST_Workspace\015_FREERTOS_CMSIS_Thread_FLAGS_2_Task\STM32F407VGTX_FLASH.ld" --specs=nosys.specs -Wl,-Map="015_FREERTOS_CMSIS_Thread_FLAGS_2_Task.map" -Wl,--gc-sections -static --specs=nano.specs -mfpu=fpv4-sp-d16 -mfloat-abi=hard -mthumb -Wl,--start-group -lc -lm -Wl,--end-group
Finished building target: 015_FREERTOS_CMSIS_Thread_FLAGS_2_Task.elf
 
arm-none-eabi-size   015_FREERTOS_CMSIS_Thread_FLAGS_2_Task.elf 
arm-none-eabi-objdump -h -S  015_FREERTOS_CMSIS_Thread_FLAGS_2_Task.elf  > "015_FREERTOS_CMSIS_Thread_FLAGS_2_Task.list"
   text	   data	    bss	    dec	    hex	filename
  25432	    124	  20684	  46240	   b4a0	015_FREERTOS_CMSIS_Thread_FLAGS_2_Task.elf
Finished building: default.size.stdout
 
Finished building: 015_FREERTOS_CMSIS_Thread_FLAGS_2_Task.list
 
15:41:55 **** Incremental Build of configuration Debug for project 015_FREERTOS_CMSIS_Thread_FLAGS_2_Task ****
make -j4 all 
arm-none-eabi-size   015_FREERTOS_CMSIS_Thread_FLAGS_2_Task.elf 
   text	   data	    bss	    dec	    hex	filename
  25432	    124	  20684	  46240	   b4a0	015_FREERTOS_CMSIS_Thread_FLAGS_2_Task.elf
Finished building: default.size.stdout
 
