../Drivers/CMSIS/Include/core_cm4.h:2064:26:ITM_SendChar	16	static,ignoring_inline_asm
../Core/Src/main.c:102:5:main	8	static
../Core/Src/main.c:190:6:SystemClock_Config	88	static
../Core/Src/main.c:236:13:MX_USART2_UART_Init	8	static
../Core/Src/main.c:269:13:MX_GPIO_Init	48	static
../Core/Src/main.c:306:6:Task_action	16	static
../Core/Src/main.c:320:6:StartSender1	16	static
../Core/Src/main.c:340:6:StartReceiver	24	static
../Core/Src/main.c:365:6:StartSender2	16	static
../Core/Src/main.c:386:6:HAL_TIM_PeriodElapsedCallback	16	static
../Core/Src/main.c:403:6:Error_Handler	4	static,ignoring_inline_asm
