../Drivers/CMSIS/Include/core_cm4.h:2064:26:ITM_SendChar	16	static,ignoring_inline_asm
../Core/Src/main.c:97:5:main	8	static
../Core/Src/main.c:185:6:SystemClock_Config	88	static
../Core/Src/main.c:231:13:MX_USART2_UART_Init	8	static
../Core/Src/main.c:264:13:MX_GPIO_Init	48	static
../Core/Src/main.c:301:6:Task_action	16	static
../Core/Src/main.c:306:6:HAL_GPIO_EXTI_Callback	16	static
../Core/Src/main.c:320:6:StartTask1	16	static
../Core/Src/main.c:340:6:StartTask2	16	static
../Core/Src/main.c:360:6:StartTask3	16	static
../Core/Src/main.c:381:6:HAL_TIM_PeriodElapsedCallback	16	static
../Core/Src/main.c:398:6:Error_Handler	4	static,ignoring_inline_asm
