../Drivers/CMSIS/Include/core_cm4.h:2064:26:ITM_SendChar	16	static,ignoring_inline_asm
../Core/Src/main.c:92:5:main	8	static
../Core/Src/main.c:176:6:SystemClock_Config	88	static
../Core/Src/main.c:222:13:MX_USART2_UART_Init	8	static
../Core/Src/main.c:255:13:MX_GPIO_Init	48	static
../Core/Src/main.c:292:6:Task_action	16	static
../Core/Src/main.c:297:6:HAL_GPIO_EXTI_Callback	16	static
../Core/Src/main.c:311:6:StartTask1	16	static
../Core/Src/main.c:330:6:StartTask2	16	static
../Core/Src/main.c:350:6:StartTask3	16	static
../Core/Src/main.c:370:6:HAL_TIM_PeriodElapsedCallback	16	static
../Core/Src/main.c:387:6:Error_Handler	4	static,ignoring_inline_asm
